00:00 +0: loading /app/delivery_plus/test/widget_test.dart
00:00 +0: Counter increment smoke test
══╡ EXCEPTION CAUGHT BY WIDGETS LIBRARY ╞═══════════════════════════════════════════════════════════
The following ProviderNotFoundException was thrown building LoginView(dirty):
Error: Could not find the correct Provider<LoginViewModel> above this LoginView Widget

This happens because you used a `BuildContext` that does not include the provider
of your choice. There are a few common scenarios:

- You added a new provider in your `main.dart` and performed a hot-reload.
  To fix, perform a hot-restart.

- The provider you are trying to read is in a different route.

  Providers are "scoped". So if you insert of provider inside a route, then
  other routes will not be able to access that provider.

- You used a `BuildContext` that is an ancestor of the provider you are trying to read.

  Make sure that LoginView is under your MultiProvider/Provider<LoginViewModel>.
  This usually happens when you are creating a provider and trying to read it immediately.

  For example, instead of:

  ```
  Widget build(BuildContext context) {
    return Provider<Example>(
      create: (_) => Example(),
      // Will throw a ProviderNotFoundError, because `context` is associated
      // to the widget that is the parent of `Provider<Example>`
      child: Text(context.watch<Example>().toString()),
    );
  }
  ```

  consider using `builder` like so:

  ```
  Widget build(BuildContext context) {
    return Provider<Example>(
      create: (_) => Example(),
      // we use `builder` to obtain a new `BuildContext` that has access to the provider
      builder: (context, child) {
        // No longer throws
        return Text(context.watch<Example>().toString());
      }
    );
  }
  ```

If none of these solutions work, consider asking for help on StackOverflow:
https://stackoverflow.com/questions/tagged/flutter

The relevant error-causing widget was:
  LoginView LoginView:file:///app/delivery_plus/lib/main.dart:28:13

When the exception was thrown, this was the stack:
#0      Provider._inheritedElementOf (package:provider/src/provider.dart:377:7)
#1      Provider.of (package:provider/src/provider.dart:327:30)
#2      LoginView.build (package:delivery_plus/views/login_view.dart:16:32)
#3      StatelessElement.build (package:flutter/src/widgets/framework.dart:5889:49)
#4      ComponentElement.performRebuild (package:flutter/src/widgets/framework.dart:5817:15)
#5      Element.rebuild (package:flutter/src/widgets/framework.dart:5529:7)
#6      ComponentElement._firstBuild (package:flutter/src/widgets/framework.dart:5799:5)
#7      ComponentElement.mount (package:flutter/src/widgets/framework.dart:5793:5)
...     Normal element mounting (260 frames)
#267    Element.inflateWidget (package:flutter/src/widgets/framework.dart:4587:20)
#268    MultiChildRenderObjectElement.inflateWidget (package:flutter/src/widgets/framework.dart:7264:36)
#269    MultiChildRenderObjectElement.mount (package:flutter/src/widgets/framework.dart:7279:32)
...     Normal element mounting (456 frames)
#725    Element.inflateWidget (package:flutter/src/widgets/framework.dart:4587:20)
#726    Element.updateChild (package:flutter/src/widgets/framework.dart:4053:20)
#727    ComponentElement.performRebuild (package:flutter/src/widgets/framework.dart:5841:16)
#728    Element.rebuild (package:flutter/src/widgets/framework.dart:5529:7)
#729    ProxyElement.update (package:flutter/src/widgets/framework.dart:6149:5)
#730    _InheritedNotifierElement.update (package:flutter/src/widgets/inherited_notifier.dart:108:11)
#731    Element.updateChild (package:flutter/src/widgets/framework.dart:4037:15)
#732    ComponentElement.performRebuild (package:flutter/src/widgets/framework.dart:5841:16)
#733    StatefulElement.performRebuild (package:flutter/src/widgets/framework.dart:5982:11)
#734    Element.rebuild (package:flutter/src/widgets/framework.dart:5529:7)
#735    StatefulElement.update (package:flutter/src/widgets/framework.dart:6007:5)
#736    Element.updateChild (package:flutter/src/widgets/framework.dart:4037:15)
#737    ComponentElement.performRebuild (package:flutter/src/widgets/framework.dart:5841:16)
#738    Element.rebuild (package:flutter/src/widgets/framework.dart:5529:7)
#739    ProxyElement.update (package:flutter/src/widgets/framework.dart:6149:5)
#740    _InheritedNotifierElement.update (package:flutter/src/widgets/inherited_notifier.dart:108:11)
#741    Element.updateChild (package:flutter/src/widgets/framework.dart:4037:15)
#742    ComponentElement.performRebuild (package:flutter/src/widgets/framework.dart:5841:16)
#743    StatefulElement.performRebuild (package:flutter/src/widgets/framework.dart:5982:11)
#744    Element.rebuild (package:flutter/src/widgets/framework.dart:5529:7)
#745    StatefulElement.update (package:flutter/src/widgets/framework.dart:6007:5)
#746    Element.updateChild (package:flutter/src/widgets/framework.dart:4037:15)
#747    ComponentElement.performRebuild (package:flutter/src/widgets/framework.dart:5841:16)
#748    StatefulElement.performRebuild (package:flutter/src/widgets/framework.dart:5982:11)
#749    Element.rebuild (package:flutter/src/widgets/framework.dart:5529:7)
#750    StatefulElement.update (package:flutter/src/widgets/framework.dart:6007:5)
#751    Element.updateChild (package:flutter/src/widgets/framework.dart:4037:15)
#752    ComponentElement.performRebuild (package:flutter/src/widgets/framework.dart:5841:16)
#753    Element.rebuild (package:flutter/src/widgets/framework.dart:5529:7)
#754    ProxyElement.update (package:flutter/src/widgets/framework.dart:6149:5)
#755    Element.updateChild (package:flutter/src/widgets/framework.dart:4037:15)
#756    ComponentElement.performRebuild (package:flutter/src/widgets/framework.dart:5841:16)
#757    StatefulElement.performRebuild (package:flutter/src/widgets/framework.dart:5982:11)
#758    Element.rebuild (package:flutter/src/widgets/framework.dart:5529:7)
#759    StatefulElement.update (package:flutter/src/widgets/framework.dart:6007:5)
#760    Element.updateChild (package:flutter/src/widgets/framework.dart:4037:15)
#761    ComponentElement.performRebuild (package:flutter/src/widgets/framework.dart:5841:16)
#762    Element.rebuild (package:flutter/src/widgets/framework.dart:5529:7)
#763    ProxyElement.update (package:flutter/src/widgets/framework.dart:6149:5)
#764    Element.updateChild (package:flutter/src/widgets/framework.dart:4037:15)
#765    ComponentElement.performRebuild (package:flutter/src/widgets/framework.dart:5841:16)
#766    Element.rebuild (package:flutter/src/widgets/framework.dart:5529:7)
#767    ProxyElement.update (package:flutter/src/widgets/framework.dart:6149:5)
#768    Element.updateChild (package:flutter/src/widgets/framework.dart:4037:15)
#769    _RawViewElement._updateChild (package:flutter/src/widgets/view.dart:481:16)
#770    _RawViewElement.update (package:flutter/src/widgets/view.dart:568:5)
#771    Element.updateChild (package:flutter/src/widgets/framework.dart:4037:15)
#772    ComponentElement.performRebuild (package:flutter/src/widgets/framework.dart:5841:16)
#773    Element.rebuild (package:flutter/src/widgets/framework.dart:5529:7)
#774    StatelessElement.update (package:flutter/src/widgets/framework.dart:5895:5)
#775    Element.updateChild (package:flutter/src/widgets/framework.dart:4037:15)
#776    ComponentElement.performRebuild (package:flutter/src/widgets/framework.dart:5841:16)
#777    StatefulElement.performRebuild (package:flutter/src/widgets/framework.dart:5982:11)
#778    Element.rebuild (package:flutter/src/widgets/framework.dart:5529:7)
#779    StatefulElement.update (package:flutter/src/widgets/framework.dart:6007:5)
#780    Element.updateChild (package:flutter/src/widgets/framework.dart:4037:15)
#781    RootElement._rebuild (package:flutter/src/widgets/binding.dart:1822:16)
#782    RootElement.update (package:flutter/src/widgets/binding.dart:1800:5)
#783    RootElement.performRebuild (package:flutter/src/widgets/binding.dart:1814:7)
#784    Element.rebuild (package:flutter/src/widgets/framework.dart:5529:7)
#785    BuildScope._tryRebuild (package:flutter/src/widgets/framework.dart:2750:15)
#786    BuildScope._flushDirtyElements (package:flutter/src/widgets/framework.dart:2807:11)
#787    BuildOwner.buildScope (package:flutter/src/widgets/framework.dart:3111:18)
#788    AutomatedTestWidgetsFlutterBinding.drawFrame (package:flutter_test/src/binding.dart:2131:19)
#789    RendererBinding._handlePersistentFrameCallback (package:flutter/src/rendering/binding.dart:495:5)
#790    SchedulerBinding._invokeFrameCallback (package:flutter/src/scheduler/binding.dart:1430:15)
#791    SchedulerBinding.handleDrawFrame (package:flutter/src/scheduler/binding.dart:1345:9)
#792    AutomatedTestWidgetsFlutterBinding.pump.<anonymous closure> (package:flutter_test/src/binding.dart:1960:9)
#795    TestAsyncUtils.guard (package:flutter_test/src/test_async_utils.dart:74:41)
#796    AutomatedTestWidgetsFlutterBinding.pump (package:flutter_test/src/binding.dart:1949:27)
#797    WidgetTester.pumpWidget.<anonymous closure> (package:flutter_test/src/widget_tester.dart:598:22)
#800    TestAsyncUtils.guard (package:flutter_test/src/test_async_utils.dart:74:41)
#801    WidgetTester.pumpWidget (package:flutter_test/src/widget_tester.dart:595:27)
#802    main.<anonymous closure> (file:///app/delivery_plus/test/widget_test.dart:7:18)
#803    testWidgets.<anonymous closure>.<anonymous closure> (package:flutter_test/src/widget_tester.dart:192:29)
<asynchronous suspension>
#804    TestWidgetsFlutterBinding._runTestBody (package:flutter_test/src/binding.dart:1682:5)
<asynchronous suspension>
<asynchronous suspension>
(elided 5 frames from dart:async and package:stack_trace)

════════════════════════════════════════════════════════════════════════════════════════════════════
══╡ EXCEPTION CAUGHT BY FLUTTER TEST FRAMEWORK ╞════════════════════════════════════════════════════
The following TestFailure was thrown running a test:
Expected: exactly one matching candidate
  Actual: _TextWidgetFinder:<Found 0 widgets with text "Delivery Plus": []>
   Which: means none were found but one was expected

When the exception was thrown, this was the stack:
#4      main.<anonymous closure> (file:///app/delivery_plus/test/widget_test.dart:8:5)
<asynchronous suspension>
#5      testWidgets.<anonymous closure>.<anonymous closure> (package:flutter_test/src/widget_tester.dart:192:15)
<asynchronous suspension>
#6      TestWidgetsFlutterBinding._runTestBody (package:flutter_test/src/binding.dart:1682:5)
<asynchronous suspension>
<asynchronous suspension>
(elided one frame from package:stack_trace)

This was caught by the test expectation on the following line:
  file:///app/delivery_plus/test/widget_test.dart line 8
The test description was:
  Counter increment smoke test
════════════════════════════════════════════════════════════════════════════════════════════════════
══╡ EXCEPTION CAUGHT BY FLUTTER TEST FRAMEWORK ╞════════════════════════════════════════════════════
The following message was thrown:
Multiple exceptions (2) were detected during the running of the current test, and at least one was
unexpected.
════════════════════════════════════════════════════════════════════════════════════════════════════
00:00 +0 -1: Counter increment smoke test [E]
  Test failed. See exception logs above.
  The test description was: Counter increment smoke test

00:00 +0 -1: Some tests failed.
